Primera línea FD1
Segunda línea FD1
Tercera línea FD1